
============================================================\n运行时间: 2026-06-09 11:31:50 | 模式: test\n行情: price=1.938 chg=7.308970099667768%\nIOPV: 1.8035 溢价=7.46%\nNAV: 1.7858 (2026-06-08) 溢价=8.52%\n前日溢价: -2.36%\nΔ溢价: 9.82%\n信号: strong_buy | 🟢 强烈买入！ Δ溢价 +9.82%\nAI: 已分析\n成本: 0.13%/笔 (实际预估（免五+万1.5+0.1%滑点）)\n预估净收益: 1.27%/笔\nAI分析: [相似度评估] 当前溢价7.46%及Δ溢价9.82%远超历史相似交易（Δ1.2%-1.8%），高溢价信号需警惕。  
[海外市场影响] 韩国KOSPI大涨8.18%及富时亚太涨3.70%支撑情绪，但恒生、澳洲走弱分化。  
[风险提示] 历史胜率92%但样本仅25次，现价振幅7.5%叠加极端溢价，追涨易遭溢价回落亏损。\n----------------------------------------\n
============================================================
运行时间: 2026-06-09 11:36:03 | 模式: test
行情: price=1.938 chg=7.308970099667768%
IOPV: 1.8035 溢价=7.46%
NAV: 1.7858 (2026-06-08) 溢价=8.52%
前日溢价: -2.36%
Δ溢价: 9.82%
信号: strong_buy | 🟢 强烈买入！ Δ溢价 +9.82%
AI: 已分析
成本: 0.13%/笔 (实际预估（免五+万1.5+0.1%滑点）)
预估净收益: 1.27%/笔
AI分析: [相似度评估] 当前信号与2026-06-09历史交易相似度100%，当时高溢价后亏损5.21%，需警惕回调风险。 [海外市场影响] 日韩台及富时亚太指数大涨，但权重股分化明显，SK海力士、三星电子领涨，而BHP、友邦保险下跌，支撑力度不均。 [风险提示] 现价溢价7.46%且Δ溢价达9.82%，历史胜率虽高但极端溢价下追涨风险极大，建议观望。
----------------------------------------

============================================================
运行时间: 2026-06-09 16:32:23 | 模式: daily
行情: price=1.938 chg=7.308970099667768%
IOPV: 1.8035 溢价=7.46%
NAV: 1.7858 (2026-06-08) 溢价=8.52%
前日溢价: -2.36%
Δ溢价: 9.82%
信号: strong_buy | 🟢 强烈买入！ Δ溢价 +9.82%
AI: 已分析
成本: 0.13%/笔 (实际预估（免五+万1.5+0.1%滑点）)
预估净收益: 1.27%/笔
AI分析: [相似度评估] 当前溢价7.46%与2026-06-09历史交易（溢价7.5%）高度相似，但该次亏损5.21%，需警惕历史重演风险。  
[海外市场影响] 富时亚太指数下跌0.82%，权重股多数数据缺失，但联邦银行微跌，显示亚太市场整体偏弱，难以支撑当前高溢价。  
[风险提示] 溢价率高达7.46%且振幅7.5%，短期追涨面临溢价回归与指数回调的双重压力，建议观望或止盈。
----------------------------------------

============================================================
运行时间: 2026-06-10 02:04:57 | 模式: test
行情: price=1.903 chg=-1.8059855521155788%
IOPV: 1.8265 溢价=4.19%
NAV: 1.7858 (2026-06-08) 溢价=6.56%
前日溢价: 4.78%
Δ溢价: -0.59%
信号: neutral | ⚪ 无明确信号
AI: 未触发/未启用
成本: 0.13%/笔 (实际预估（免五+万1.5+0.1%滑点）)
预估净收益: -0.13%/笔
----------------------------------------

============================================================
运行时间: 2026-06-12 02:15:11 | 模式: daily
行情: price=1.955 chg=4.825737265415555%
IOPV: 1.7686 溢价=10.54%
NAV: 1.789 (2026-06-10) 溢价=9.28%
前日溢价: 1.93%
Δ溢价: 8.61%
信号: strong_buy | 🟢 强烈买入！ Δ溢价 +8.61%
AI: 未触发/未启用
成本: 0.13%/笔 (实际预估（免五+万1.5+0.1%滑点）)
预估净收益: 1.27%/笔
----------------------------------------

============================================================
运行时间: 2026-06-12 10:45:43 | 模式: daily
行情: price=1.899 chg=1.8230563002680982%
IOPV: 1.7681 溢价=7.4%
NAV: 1.789 (2026-06-10) 溢价=6.15%
前日溢价: 1.93%
Δ溢价: 5.47%
信号: strong_buy | 🟢 强烈买入！ Δ溢价 +5.47%
AI: 未触发/未启用
成本: 0.13%/笔 (实际预估（免五+万1.5+0.1%滑点）)
预估净收益: 1.27%/笔
----------------------------------------

============================================================
运行时间: 2026-06-12 13:57:07 | 模式: daily
行情: price=1.899 chg=1.8230563002680982%
IOPV: 1.7681 溢价=7.4%
NAV: 1.7752 (2026-06-11) 溢价=6.97%
前日溢价: 4.25%
Δ溢价: 3.15%
信号: strong_buy | 🟢 强烈买入！ Δ溢价 +3.15%
AI: 未触发/未启用
成本: 0.13%/笔 (实际预估（免五+万1.5+0.1%滑点）)
预估净收益: 1.27%/笔
----------------------------------------

============================================================
运行时间: 2026-06-15 06:40:10 | 模式: daily
行情: price=1.959 chg=3.159557661927333%
IOPV: 1.8149 溢价=7.94%
NAV: 1.7752 (2026-06-11) 溢价=10.35%
前日溢价: 6.15%
Δ溢价: 1.79%
信号: buy | 🟢 买入信号 Δ溢价 +1.79%
AI: 未触发/未启用
成本: 0.13%/笔 (实际预估（免五+万1.5+0.1%滑点）)
预估净收益: 0.8%/笔
----------------------------------------

============================================================
运行时间: 2026-06-15 12:47:12 | 模式: daily
行情: price=1.957 chg=3.0542390731964217%
IOPV: 1.815 溢价=7.82%
NAV: 1.8211 (2026-06-12) 溢价=7.46%
前日溢价: 6.97%
Δ溢价: 0.85%
信号: weak_buy | 🟡 弱买入信号 Δ溢价 +0.85%
AI: 未触发/未启用
成本: 0.13%/笔 (实际预估（免五+万1.5+0.1%滑点）)
预估净收益: 0.33%/笔
----------------------------------------

============================================================
运行时间: 2026-06-15 16:11:53 | 模式: daily
行情: price=1.957 chg=3.0542390731964217%
IOPV: 1.815 溢价=7.82%
NAV: 1.8211 (2026-06-12) 溢价=7.46%
前日溢价: 6.97%
Δ溢价: 0.85%
信号: weak_buy | 🟡 弱买入信号 Δ溢价 +0.85%
AI: 未触发/未启用
成本: 0.13%/笔 (实际预估（免五+万1.5+0.1%滑点）)
预估净收益: 0.33%/笔
----------------------------------------

============================================================
运行时间: 2026-06-16 07:02:40 | 模式: daily
行情: price=2.028 chg=3.6280020439448104%
IOPV: 1.8529 溢价=9.45%
NAV: 1.8211 (2026-06-12) 溢价=11.36%
前日溢价: 10.24%
Δ溢价: -0.79%
信号: danger | 🔴 高溢价见顶风险 Δ溢价 -0.79%
AI: 未触发/未启用
成本: 0.13%/笔 (实际预估（免五+万1.5+0.1%滑点）)
预估净收益: -0.13%/笔
----------------------------------------

============================================================
运行时间: 2026-06-16 15:48:10 | 模式: daily
行情: price=2.028 chg=3.6280020439448104%
IOPV: 1.8529 溢价=9.45%
NAV: 1.8733 (2026-06-15) 溢价=8.26%
前日溢价: 7.46%
Δ溢价: 1.99%
信号: buy | 🟢 买入信号 Δ溢价 +1.99%
AI: 未触发/未启用
成本: 0.13%/笔 (实际预估（免五+万1.5+0.1%滑点）)
预估净收益: 0.8%/笔
----------------------------------------

============================================================
运行时间: 2026-06-17 06:32:59 | 模式: intraday
行情: price=2.067 chg=1.92307692307693%
IOPV: 1.8649 溢价=10.84%
NAV: 1.8733 (2026-06-15) 溢价=10.34%
前日溢价: 11.36%
Δ溢价: -0.52%
信号: danger | 🔴 高溢价见顶风险 Δ溢价 -0.52%
AI: 未触发/未启用
成本: 0.13%/笔 (实际预估（免五+万1.5+0.1%滑点）)
预估净收益: -0.13%/笔
----------------------------------------

============================================================
运行时间: 2026-06-17 11:20:31 | 模式: daily
行情: price=2.043 chg=0.7396449704142073%
IOPV: 1.8649 溢价=9.55%
NAV: 1.8807 (2026-06-16) 溢价=8.63%
前日溢价: 8.26%
Δ溢价: 1.29%
信号: buy | 🟢 买入信号 Δ溢价 +1.29%
AI: 未触发/未启用
成本: 0.13%/笔 (实际预估（免五+万1.5+0.1%滑点）)
预估净收益: 0.8%/笔
----------------------------------------

============================================================
运行时间: 2026-06-17 14:21:52 | 模式: daily
行情: price=2.043 chg=0.7396449704142073%
IOPV: 1.8649 溢价=9.55%
NAV: 1.8807 (2026-06-16) 溢价=8.63%
前日溢价: 8.26%
Δ溢价: 1.29%
信号: buy | 🟢 买入信号 Δ溢价 +1.29%
AI: 未触发/未启用
成本: 0.13%/笔 (实际预估（免五+万1.5+0.1%滑点）)
预估净收益: 0.8%/笔
----------------------------------------

============================================================
运行时间: 2026-06-18 06:31:05 | 模式: intraday
行情: price=2.071 chg=1.3705335291238387%
IOPV: 1.8673 溢价=10.91%
NAV: 1.8807 (2026-06-16) 溢价=10.12%
前日溢价: 9.06%
Δ溢价: 1.85%
信号: buy | 🟢 买入信号 Δ溢价 +1.85%
AI: 未触发/未启用
成本: 0.13%/笔 (实际预估（免五+万1.5+0.1%滑点）)
预估净收益: 0.8%/笔
----------------------------------------

============================================================
运行时间: 2026-06-22 06:34:27 | 模式: intraday
行情: price=2.089 chg=0.4326923076923027%
IOPV: 1.8895 溢价=10.56%
NAV: 1.885 (2026-06-17) 溢价=10.82%
前日溢价: 10.6%
Δ溢价: -0.04%
信号: danger | 🔴 高溢价见顶风险 Δ溢价 -0.04%
AI: 未触发/未启用
成本: 0.13%/笔 (实际预估（免五+万1.5+0.1%滑点）)
预估净收益: -0.13%/笔
----------------------------------------

============================================================
运行时间: 2026-06-24 06:28:39 | 模式: intraday
行情: price=1.976 chg=0.5086469989827065%
IOPV: 1.8163 溢价=8.79%
NAV: 1.9049 (2026-06-22) 溢价=3.73%
前日溢价: 3.53%
Δ溢价: 5.26%
信号: strong_buy | 🟢 强烈买入！ Δ溢价 +5.26%
AI: 未触发/未启用
成本: 0.13%/笔 (实际预估（免五+万1.5+0.1%滑点）)
预估净收益: 1.27%/笔
----------------------------------------

============================================================
运行时间: 2026-06-25 06:32:24 | 模式: intraday
行情: price=2 chg=1.4198782961460459%
IOPV: 1.8273 溢价=9.45%
NAV: 1.8419 (2026-06-23) 溢价=8.58%
前日溢价: 3.52%
Δ溢价: 5.93%
信号: strong_buy | 🟢 强烈买入！ Δ溢价 +5.93%
AI: 未触发/未启用
成本: 0.13%/笔 (实际预估（免五+万1.5+0.1%滑点）)
预估净收益: 1.27%/笔
----------------------------------------

============================================================
运行时间: 2026-06-26 02:02:34 | 模式: test
行情: price=1.932 chg=-2.865761689291109%
IOPV: 1.8536 溢价=4.23%
NAV: 1.8357 (2026-06-24) 溢价=5.25%
前日溢价: 7.99%
Δ溢价: -3.76%
信号: neutral | ⚪ 无明确信号
AI: 未触发/未启用
成本: 0.13%/笔 (实际预估（免五+万1.5+0.1%滑点）)
预估净收益: -0.13%/笔
----------------------------------------

============================================================
运行时间: 2026-06-29 06:55:51 | 模式: intraday
行情: price=1.917 chg=-0.2601456815816802%
IOPV: 1.813 溢价=5.74%
NAV: 1.8608 (2026-06-25) 溢价=3.02%
前日溢价: 4.7%
Δ溢价: 1.04%
信号: buy | 🟢 买入信号 Δ溢价 +1.04%
AI: 未触发/未启用
成本: 0.13%/笔 (实际预估（免五+万1.5+0.1%滑点）)
预估净收益: 0.8%/笔
----------------------------------------

============================================================
运行时间: 2026-06-30 06:31:05 | 模式: intraday
行情: price=1.975 chg=2.971845672575608%
IOPV: 1.8156 溢价=8.78%
NAV: 1.811 (2026-06-26) 溢价=9.06%
前日溢价: 3.07%
Δ溢价: 5.71%
信号: strong_buy | 🟢 强烈买入！ Δ溢价 +5.71%
AI: 未触发/未启用
成本: 0.13%/笔 (实际预估（免五+万1.5+0.1%滑点）)
预估净收益: 1.27%/笔
----------------------------------------

============================================================
运行时间: 2026-06-30 06:41:58 | 模式: intraday
行情: price=1.974 chg=2.919708029197083%
IOPV: 1.8158 溢价=8.71%
NAV: 1.811 (2026-06-26) 溢价=9.0%
前日溢价: 3.07%
Δ溢价: 5.64%
信号: strong_buy | 🟢 强烈买入！ Δ溢价 +5.64%
AI: 未触发/未启用
成本: 0.13%/笔 (实际预估（免五+万1.5+0.1%滑点）)
预估净收益: 1.27%/笔
----------------------------------------

============================================================
运行时间: 2026-07-01 03:21:09 | 模式: test
行情: price=1.94 chg=-1.921132457027302%
IOPV: 1.8212 溢价=6.52%
NAV: 1.817 (2026-06-29) 溢价=6.77%
前日溢价: 9.22%
Δ溢价: -2.7%
信号: danger | 🔴 高溢价见顶风险 Δ溢价 -2.70%
AI: 未触发/未启用
成本: 0.13%/笔 (实际预估（免五+万1.5+0.1%滑点）)
预估净收益: -0.13%/笔
----------------------------------------

============================================================
运行时间: 2026-07-03 06:32:21 | 模式: intraday
行情: price=1.853 chg=3.6353467561521224%
IOPV: 1.8006 溢价=2.91%
NAV: 1.828 (2026-07-01) 溢价=1.37%
前日溢价: -2.25%
Δ溢价: 5.16%
信号: strong_buy | 🟢 强烈买入！ Δ溢价 +5.16%
AI: 未触发/未启用
成本: 0.13%/笔 (实际预估（免五+万1.5+0.1%滑点）)
预估净收益: 0.34%/笔
----------------------------------------

============================================================
运行时间: 2026-07-06 06:36:05 | 模式: test
行情: price=1.854 chg=0.32467532467532495%
IOPV: 1.8348 溢价=1.05%
NAV: 1.8066 (2026-07-02) 溢价=2.62%
前日溢价: 1.09%
Δ溢价: -0.04%
信号: neutral | ⚪ 无明确信号
AI: 未触发/未启用
成本: 0.13%/笔 (实际预估（免五+万1.5+0.1%滑点）)
预估净收益: -0.13%/笔
----------------------------------------

============================================================
运行时间: 2026-07-09 06:55:50 | 模式: test
行情: price=1.818 chg=1.1686143572621108%
IOPV: 1.787 溢价=1.73%
NAV: 1.8255 (2026-07-07) 溢价=-0.41%
前日溢价: -2.75%
Δ溢价: 4.48%
信号: strong_buy | 🟢 强烈买入！ Δ溢价 +4.48%
AI: 未触发/未启用
成本: 0.13%/笔 (实际预估（免五+万1.5+0.1%滑点）)
预估净收益: 0.35%/笔
----------------------------------------

============================================================
运行时间: 2026-07-13 06:36:06 | 模式: intraday
行情: price=1.778 chg=-2.414928649835348%
IOPV: 1.8341 溢价=-3.06%
NAV: 1.8127 (2026-07-09) 溢价=-1.91%
前日溢价: 0.21%
Δ溢价: -3.27%
信号: neutral | ⚪ 无明确信号
AI: 未触发/未启用
成本: 0.13%/笔 (实际预估（免五+万1.5+0.1%滑点）)
预估净收益: -0.13%/笔
----------------------------------------

============================================================
运行时间: 2026-07-14 06:37:44 | 模式: test
行情: price=1.786 chg=0.39347948285554346%
IOPV: 1.7692 溢价=0.95%
NAV: 1.8282 (2026-07-10) 溢价=-2.31%
前日溢价: -1.86%
Δ溢价: 2.81%
信号: strong_buy | 🟢 强烈买入！ Δ溢价 +2.81%
AI: 未触发/未启用
成本: 0.13%/笔 (实际预估（免五+万1.5+0.1%滑点）)
预估净收益: 0.33%/笔
----------------------------------------

============================================================
运行时间: 2026-07-15 06:33:56 | 模式: intraday
行情: price=1.836 chg=2.6271660145332674%
IOPV: 1.7898 溢价=2.58%
NAV: 1.7951 (2026-07-13) 溢价=2.28%
前日溢价: -2.14%
Δ溢价: 4.72%
信号: strong_buy | 🟢 强烈买入！ Δ溢价 +4.72%
AI: 未触发/未启用
成本: 0.13%/笔 (实际预估（免五+万1.5+0.1%滑点）)
预估净收益: 0.36%/笔
----------------------------------------

============================================================
运行时间: 2026-07-16 06:41:46 | 模式: intraday
行情: price=1.8 chg=-2.014153511159495%
IOPV: 1.8239 溢价=-1.31%
NAV: 1.8014 (2026-07-14) 溢价=-0.08%
前日溢价: 2.33%
Δ溢价: -3.64%
信号: neutral | ⚪ 无明确信号
AI: 未触发/未启用
成本: 0.13%/笔 (实际预估（免五+万1.5+0.1%滑点）)
预估净收益: -0.13%/笔
----------------------------------------

============================================================
运行时间: 2026-07-21 06:34:13 | 模式: intraday
行情: price=1.83 chg=5.536332179930801%
IOPV: 1.7615 溢价=3.89%
NAV: 1.7592 (2026-07-17) 溢价=4.02%
前日溢价: -4.37%
Δ溢价: 8.26%
信号: strong_buy | 🟢 强烈买入！ Δ溢价 +8.26%
AI: 未触发/未启用
成本: 0.13%/笔 (实际预估（免五+万1.5+0.1%滑点）)
预估净收益: 0.32%/笔
----------------------------------------

============================================================
运行时间: 2026-07-22 06:42:09 | 模式: intraday
行情: price=1.788 chg=-1.1061946902654878%
IOPV: 1.7969 溢价=-0.5%
NAV: 1.7595 (2026-07-20) 溢价=1.62%
前日溢价: 2.77%
Δ溢价: -3.27%
信号: neutral | ⚪ 无明确信号
AI: 未触发/未启用
成本: 0.13%/笔 (实际预估（免五+万1.5+0.1%滑点）)
预估净收益: -0.13%/笔
----------------------------------------

============================================================
运行时间: 2026-07-31 19:00:08 | 模式: daily
行情: price=1.8 chg=5.633802816901413%
IOPV: 1.71 溢价=5.26%
NAV: ? (?) 溢价=?%
前日溢价: ?%
Δ溢价: ?%
信号: neutral | ⚪ 无明确信号
AI: 未触发/未启用
成本: 0.13%/笔 (实际预估（免五+万1.5+0.1%滑点）)
预估净收益: -0.13%/笔
----------------------------------------

============================================================
运行时间: 2026-08-02 16:48:20 | 模式: test
行情: price=1.8 chg=5.633802816901413%
IOPV: 1.71 溢价=5.26%
NAV: ? (?) 溢价=?%
前日溢价: ?%
Δ溢价: ?%
信号: neutral | ⚪ 无明确信号
AI: 未触发/未启用
成本: 0.13%/笔 (实际预估（免五+万1.5+0.1%滑点）)
预估净收益: -0.13%/笔
----------------------------------------

============================================================
运行时间: 2026-08-03 14:30:08 | 模式: intraday
行情: price=1.799 chg=-0.05555555555556177%
IOPV: 1.8114 溢价=-0.68%
NAV: ? (?) 溢价=?%
前日溢价: ?%
Δ溢价: ?%
信号: neutral | ⚪ 无明确信号
AI: 未触发/未启用
成本: 0.13%/笔 (实际预估（免五+万1.5+0.1%滑点）)
预估净收益: -0.13%/笔
----------------------------------------

============================================================
运行时间: 2026-08-03 19:00:06 | 模式: daily
行情: price=1.803 chg=0.16666666666666066%
IOPV: 1.8118 溢价=-0.49%
NAV: ? (?) 溢价=?%
前日溢价: ?%
Δ溢价: ?%
信号: neutral | ⚪ 无明确信号
AI: 未触发/未启用
成本: 0.13%/笔 (实际预估（免五+万1.5+0.1%滑点）)
预估净收益: -0.13%/笔
----------------------------------------

============================================================
运行时间: 2026-08-04 14:30:08 | 模式: intraday
行情: price=1.795 chg=-0.4437049362174158%
IOPV: 1.7952 溢价=-0.01%
NAV: ? (?) 溢价=?%
前日溢价: ?%
Δ溢价: ?%
信号: neutral | ⚪ 无明确信号
AI: 未触发/未启用
成本: 0.13%/笔 (实际预估（免五+万1.5+0.1%滑点）)
预估净收益: -0.13%/笔
----------------------------------------

============================================================
运行时间: 2026-08-04 19:00:09 | 模式: daily
行情: price=1.796 chg=-0.3882418191902327%
IOPV: 1.7953 溢价=0.04%
NAV: ? (?) 溢价=?%
前日溢价: ?%
Δ溢价: ?%
信号: neutral | ⚪ 无明确信号
AI: 未触发/未启用
成本: 0.13%/笔 (实际预估（免五+万1.5+0.1%滑点）)
预估净收益: -0.13%/笔
----------------------------------------

============================================================
运行时间: 2026-08-05 14:30:08 | 模式: intraday
行情: price=1.833 chg=2.060133630289528%
IOPV: 1.79 溢价=2.4%
NAV: ? (?) 溢价=?%
前日溢价: ?%
Δ溢价: ?%
信号: neutral | ⚪ 无明确信号
AI: 未触发/未启用
成本: 0.13%/笔 (实际预估（免五+万1.5+0.1%滑点）)
预估净收益: -0.13%/笔
----------------------------------------

============================================================
运行时间: 2026-08-05 19:00:07 | 模式: daily
行情: price=1.83 chg=1.8930957683741665%
IOPV: 1.7899 溢价=2.24%
NAV: ? (?) 溢价=?%
前日溢价: ?%
Δ溢价: ?%
信号: neutral | ⚪ 无明确信号
AI: 未触发/未启用
成本: 0.13%/笔 (实际预估（免五+万1.5+0.1%滑点）)
预估净收益: -0.13%/笔
----------------------------------------

============================================================
运行时间: 2026-08-06 14:30:08 | 模式: intraday
行情: price=1.803 chg=-1.4754098360655812%
IOPV: 1.8295 溢价=-1.45%
NAV: ? (?) 溢价=?%
前日溢价: ?%
Δ溢价: ?%
信号: neutral | ⚪ 无明确信号
AI: 未触发/未启用
成本: 0.13%/笔 (实际预估（免五+万1.5+0.1%滑点）)
预估净收益: -0.13%/笔
----------------------------------------

============================================================
运行时间: 2026-08-06 17:57:03 | 模式: test
行情: price=1.805 chg=-1.3661202185792423%
IOPV: 1.8297 溢价=-1.35%
NAV: ? (?) 溢价=?%
前日溢价: ?%
Δ溢价: ?%
信号: neutral | ⚪ 无明确信号
AI: 未触发/未启用
成本: 0.13%/笔 (实际预估（免五+万1.5+0.1%滑点）)
预估净收益: -0.13%/笔
----------------------------------------

============================================================
运行时间: 2026-08-06 18:01:10 | 模式: test
行情: price=1.805 chg=-1.3661202185792423%
IOPV: 1.8297 溢价=-1.35%
NAV: 1.8068 (2026-08-04) 溢价=-0.1%
前日溢价: 0.84%
Δ溢价: -2.19%
信号: neutral | ⚪ 无明确信号
AI: 未触发/未启用
成本: 0.13%/笔 (实际预估（免五+万1.5+0.1%滑点）)
预估净收益: -0.13%/笔
----------------------------------------

============================================================
运行时间: 2026-08-06 19:00:08 | 模式: daily
行情: price=1.805 chg=-1.3661202185792423%
IOPV: 1.8297 溢价=-1.35%
NAV: 1.8068 (2026-08-04) 溢价=-0.1%
前日溢价: 0.84%
Δ溢价: -2.19%
信号: neutral | ⚪ 无明确信号
AI: 未触发/未启用
成本: 0.13%/笔 (实际预估（免五+万1.5+0.1%滑点）)
预估净收益: -0.13%/笔
----------------------------------------

============================================================
运行时间: 2026-08-07 14:30:12 | 模式: intraday
行情: price=1.811 chg=0.33240997229916924%
IOPV: 1.8081 溢价=0.16%
NAV: 1.8473 (2026-08-05) 溢价=-1.97%
前日溢价: -0.1%
Δ溢价: 0.26%
信号: neutral | ⚪ 无明确信号
AI: 未触发/未启用
成本: 0.13%/笔 (实际预估（免五+万1.5+0.1%滑点）)
预估净收益: -0.13%/笔
----------------------------------------

============================================================
运行时间: 2026-08-07 14:34:24 | 模式: test
行情: price=1.81 chg=0.2770083102493139%
IOPV: 1.8081 溢价=0.11%
NAV: 1.8473 (2026-08-05) 溢价=-2.02%
前日溢价: -0.1%
Δ溢价: 0.21%
信号: neutral | ⚪ 无明确信号
AI: 未触发/未启用
成本: 0.13%/笔 (实际预估（免五+万1.5+0.1%滑点）)
预估净收益: -0.13%/笔
----------------------------------------

============================================================
运行时间: 2026-08-07 19:00:31 | 模式: daily
行情: price=1.812 chg=0.387811634349037%
IOPV: 1.8081 溢价=0.22%
NAV: 1.8473 (2026-08-05) 溢价=-1.91%
前日溢价: -0.1%
Δ溢价: 0.32%
信号: neutral | ⚪ 无明确信号
AI: 未触发/未启用
成本: 0.13%/笔 (实际预估（免五+万1.5+0.1%滑点）)
预估净收益: -0.13%/笔
----------------------------------------

============================================================
运行时间: 2026-08-10 14:30:10 | 模式: intraday
行情: price=1.813 chg=0.05518763796908884%
IOPV: 1.8114 溢价=0.09%
NAV: 1.8239 (2026-08-06) 溢价=-0.6%
前日溢价: -1.91%
Δ溢价: 2.0%
信号: buy | 🟢 买入信号 Δ溢价 +2.00%
AI: 未触发/未启用
成本: 0.13%/笔 (实际预估（免五+万1.5+0.1%滑点）)
预估净收益: 0.31%/笔
----------------------------------------

============================================================
运行时间: 2026-08-10 19:00:10 | 模式: daily
行情: price=1.814 chg=0.11037527593818994%
IOPV: 1.8115 溢价=0.14%
NAV: 1.8239 (2026-08-06) 溢价=-0.54%
前日溢价: -1.91%
Δ溢价: 2.05%
信号: strong_buy | 🟢 强烈买入！ Δ溢价 +2.05%
AI: 未触发/未启用
成本: 0.13%/笔 (实际预估（免五+万1.5+0.1%滑点）)
预估净收益: 0.31%/笔
----------------------------------------

============================================================
运行时间: 2026-08-11 14:30:06 | 模式: intraday
行情: price=1.814 chg=0%
IOPV: 1.8118 溢价=0.12%
NAV: 1.8234 (2026-08-07) 溢价=-0.52%
前日溢价: -0.54%
Δ溢价: 0.66%
信号: weak_buy | 🟡 弱买入信号 Δ溢价 +0.66%
AI: 未触发/未启用
成本: 0.13%/笔 (实际预估（免五+万1.5+0.1%滑点）)
预估净收益: 0.3%/笔
----------------------------------------

============================================================
运行时间: 2026-08-11 16:10:31 | 模式: test
行情: price=2.751 chg=-2.6539278131634885%
IOPV: 2.2821 溢价=20.55%
NAV: 2.2998 (2026-08-07) 溢价=19.62%
前日溢价: 23.94%
Δ溢价: -3.39%
信号: strong_buy | 🟢 强烈抄底！ Δ溢价 -3.39%
AI: 未触发/未启用
成本: 0.13%/笔 (实际预估（免五+万1.5+0.1%滑点）)
预估净收益: 1.15%/笔
----------------------------------------

============================================================
运行时间: 2026-08-11 19:00:08 | 模式: daily
行情: price=1.813 chg=-0.05512679162073384%
IOPV: 1.812 溢价=0.06%
NAV: 1.8234 (2026-08-07) 溢价=-0.57%
前日溢价: -0.54%
Δ溢价: 0.6%
信号: weak_buy | 🟡 弱买入信号 Δ溢价 +0.60%
AI: 未触发/未启用
成本: 0.13%/笔 (实际预估（免五+万1.5+0.1%滑点）)
预估净收益: 0.3%/笔
----------------------------------------

============================================================
运行时间: 2026-08-12 14:30:14 | 模式: intraday
行情: price=2.778 chg=0.9814612868048032%
IOPV: 2.2678 溢价=22.5%
NAV: 2.2818 (2026-08-10) 溢价=21.75%
前日溢价: 19.62%
Δ溢价: 2.88%
信号: neutral | ⚪ 无明确信号
AI: 未触发/未启用
成本: 0.13%/笔 (实际预估（免五+万1.5+0.1%滑点）)
预估净收益: -0.13%/笔
----------------------------------------

============================================================
运行时间: 2026-08-12 14:30:14 | 模式: intraday
行情: price=1.831 chg=0.9928295642581366%
IOPV: 1.8221 溢价=0.49%
NAV: 1.8228 (2026-08-10) 溢价=0.45%
前日溢价: -0.57%
Δ溢价: 1.06%
信号: buy | 🟢 买入信号 Δ溢价 +1.06%
AI: 未触发/未启用
成本: 0.13%/笔 (实际预估（免五+万1.5+0.1%滑点）)
预估净收益: 0.3%/笔
----------------------------------------

============================================================
运行时间: 2026-08-12 19:00:14 | 模式: daily
行情: price=1.83 chg=0.9376723662438018%
IOPV: 1.8221 溢价=0.43%
NAV: 1.8228 (2026-08-10) 溢价=0.39%
前日溢价: -0.57%
Δ溢价: 1.0%
信号: weak_buy | 🟡 弱买入信号 Δ溢价 +1.00%
AI: 未触发/未启用
成本: 0.13%/笔 (实际预估（免五+万1.5+0.1%滑点）)
预估净收益: 0.3%/笔
----------------------------------------

============================================================
运行时间: 2026-08-13 14:30:10 | 模式: intraday
行情: price=1.849 chg=1.0382513661202135%
IOPV: 1.842 溢价=0.38%
NAV: 1.8232 (2026-08-11) 溢价=1.42%
前日溢价: 0.39%
Δ溢价: -0.01%
信号: neutral | ⚪ 无明确信号
AI: 未触发/未启用
成本: 0.13%/笔 (实际预估（免五+万1.5+0.1%滑点）)
预估净收益: -0.13%/笔
----------------------------------------

============================================================
运行时间: 2026-08-13 14:30:10 | 模式: intraday
行情: price=2.792 chg=0.6126126126126092%
IOPV: 2.2803 溢价=22.44%
NAV: 2.2686 (2026-08-11) 溢价=23.07%
前日溢价: 21.61%
Δ溢价: 0.83%
信号: neutral | ⚪ 无明确信号
AI: 未触发/未启用
成本: 0.13%/笔 (实际预估（免五+万1.5+0.1%滑点）)
预估净收益: -0.13%/笔
----------------------------------------

============================================================
运行时间: 2026-08-13 19:00:16 | 模式: daily
行情: price=1.848 chg=0.9836065573770499%
IOPV: 1.8421 溢价=0.32%
NAV: 1.8232 (2026-08-11) 溢价=1.36%
前日溢价: 0.39%
Δ溢价: -0.07%
信号: neutral | ⚪ 无明确信号
AI: 未触发/未启用
成本: 0.13%/笔 (实际预估（免五+万1.5+0.1%滑点）)
预估净收益: -0.13%/笔
----------------------------------------

============================================================
运行时间: 2026-08-14 14:30:07 | 模式: intraday
行情: price=1.864 chg=0.8658008658008665%
IOPV: 1.8641 溢价=-0.01%
NAV: 1.8496 (2026-08-12) 溢价=0.78%
前日溢价: 1.36%
Δ溢价: -1.37%
信号: neutral | ⚪ 无明确信号
AI: 未触发/未启用
成本: 0.13%/笔 (实际预估（免五+万1.5+0.1%滑点）)
预估净收益: -0.13%/笔
----------------------------------------

============================================================
运行时间: 2026-08-14 14:30:07 | 模式: intraday
行情: price=2.856 chg=2.512562814070346%
IOPV: 2.312 溢价=23.53%
NAV: 2.2794 (2026-08-12) 溢价=25.3%
前日溢价: 22.81%
Δ溢价: 0.72%
信号: neutral | ⚪ 无明确信号
AI: 未触发/未启用
成本: 0.13%/笔 (实际预估（免五+万1.5+0.1%滑点）)
预估净收益: -0.13%/笔
----------------------------------------

============================================================
运行时间: 2026-08-14 19:00:09 | 模式: daily
行情: price=1.865 chg=0.9199134199134146%
IOPV: 1.8641 溢价=0.05%
NAV: 1.8496 (2026-08-12) 溢价=0.83%
前日溢价: 1.36%
Δ溢价: -1.31%
信号: neutral | ⚪ 无明确信号
AI: 未触发/未启用
成本: 0.13%/笔 (实际预估（免五+万1.5+0.1%滑点）)
预估净收益: -0.13%/笔
----------------------------------------

============================================================
运行时间: 2026-08-17 14:30:20 | 模式: intraday
行情: price=1.883 chg=0.9651474530831108%
IOPV: 1.8638 溢价=1.03%
NAV: 1.8688 (2026-08-13) 溢价=0.76%
前日溢价: 0.83%
Δ溢价: 0.2%
信号: neutral | ⚪ 无明确信号
AI: 未触发/未启用
成本: 0.13%/笔 (实际预估（免五+万1.5+0.1%滑点）)
预估净收益: -0.13%/笔
----------------------------------------

============================================================
运行时间: 2026-08-17 14:30:20 | 模式: intraday
行情: price=2.87 chg=0.034855350296266636%
IOPV: 2.3043 溢价=24.55%
NAV: 2.3115 (2026-08-13) 溢价=24.16%
前日溢价: 25.87%
Δ溢价: -1.32%
信号: weak_buy | 🟡 弱抄底信号 Δ溢价 -1.32%
AI: 未触发/未启用
成本: 0.13%/笔 (实际预估（免五+万1.5+0.1%滑点）)
预估净收益: 1.47%/笔
----------------------------------------

============================================================
运行时间: 2026-08-17 19:00:08 | 模式: daily
行情: price=1.89 chg=1.3404825737265367%
IOPV: 1.8636 溢价=1.42%
NAV: 1.8688 (2026-08-13) 溢价=1.13%
前日溢价: 0.83%
Δ溢价: 0.59%
信号: weak_buy | 🟡 弱买入信号 Δ溢价 +0.59%
AI: 未触发/未启用
成本: 0.13%/笔 (实际预估（免五+万1.5+0.1%滑点）)
预估净收益: 0.31%/笔
----------------------------------------

============================================================
运行时间: 2026-08-18 14:30:10 | 模式: intraday
行情: price=1.849 chg=-2.1693121693121653%
IOPV: 1.8531 溢价=-0.22%
NAV: 1.8749 (2026-08-14) 溢价=-1.38%
前日溢价: 1.13%
Δ溢价: -1.35%
信号: neutral | ⚪ 无明确信号
AI: 未触发/未启用
成本: 0.13%/笔 (实际预估（免五+万1.5+0.1%滑点）)
预估净收益: -0.13%/笔
----------------------------------------

============================================================
运行时间: 2026-08-18 14:30:11 | 模式: intraday
行情: price=2.823 chg=-1.842837273991653%
IOPV: 2.2965 溢价=22.93%
NAV: 2.304 (2026-08-14) 溢价=22.53%
前日溢价: 24.42%
Δ溢价: -1.49%
信号: weak_buy | 🟡 弱抄底信号 Δ溢价 -1.49%
AI: 未触发/未启用
成本: 0.13%/笔 (实际预估（免五+万1.5+0.1%滑点）)
预估净收益: 1.42%/笔
----------------------------------------

============================================================
运行时间: 2026-08-18 19:00:09 | 模式: daily
行情: price=1.846 chg=-2.3280423280423186%
IOPV: 1.853 溢价=-0.38%
NAV: 1.8749 (2026-08-14) 溢价=-1.54%
前日溢价: 1.13%
Δ溢价: -1.51%
信号: neutral | ⚪ 无明确信号
AI: 未触发/未启用
成本: 0.13%/笔 (实际预估（免五+万1.5+0.1%滑点）)
预估净收益: -0.13%/笔
----------------------------------------

============================================================
运行时间: 2026-08-19 14:30:12 | 模式: intraday
行情: price=2.762 chg=-2.1954674220963115%
IOPV: 2.2496 溢价=22.78%
NAV: 2.2963 (2026-08-17) 溢价=20.28%
前日溢价: 22.57%
Δ溢价: 0.21%
信号: neutral | ⚪ 无明确信号
AI: 未触发/未启用
成本: 0.13%/笔 (实际预估（免五+万1.5+0.1%滑点）)
预估净收益: -0.13%/笔
----------------------------------------

============================================================
运行时间: 2026-08-19 14:30:12 | 模式: intraday
行情: price=1.797 chg=-2.6543878656554796%
IOPV: 1.8338 溢价=-2.01%
NAV: 1.8773 (2026-08-17) 溢价=-4.28%
前日溢价: -1.54%
Δ溢价: -0.47%
信号: neutral | ⚪ 无明确信号
AI: 未触发/未启用
成本: 0.13%/笔 (实际预估（免五+万1.5+0.1%滑点）)
预估净收益: -0.13%/笔
----------------------------------------

============================================================
运行时间: 2026-08-19 19:00:12 | 模式: daily
行情: price=1.802 chg=-2.383531960996752%
IOPV: 1.8341 溢价=-1.75%
NAV: 1.8773 (2026-08-17) 溢价=-4.01%
前日溢价: -1.54%
Δ溢价: -0.21%
信号: neutral | ⚪ 无明确信号
AI: 未触发/未启用
成本: 0.13%/笔 (实际预估（免五+万1.5+0.1%滑点）)
预估净收益: -0.13%/笔
----------------------------------------

============================================================
运行时间: 2026-08-20 14:30:24 | 模式: intraday
行情: price=1.825 chg=1.2763596004439461%
IOPV: 1.8053 溢价=1.09%
NAV: 1.8538 (2026-08-18) 溢价=-1.55%
前日溢价: -4.01%
Δ溢价: 5.1%
信号: strong_buy | 🟢 强烈买入！ Δ溢价 +5.10%
AI: 未触发/未启用
成本: 0.13%/笔 (实际预估（免五+万1.5+0.1%滑点）)
预估净收益: 0.3%/笔
----------------------------------------

============================================================
运行时间: 2026-08-20 14:30:34 | 模式: intraday
行情: price=2.79 chg=0.649350649350658%
IOPV: 2.2359 溢价=24.78%
NAV: 2.2515 (2026-08-18) 溢价=23.92%
前日溢价: 20.72%
Δ溢价: 4.06%
信号: danger | 🔴 溢价暴涨风险 Δ溢价 +4.06%
AI: 已分析
成本: 0.13%/笔 (实际预估（免五+万1.5+0.1%滑点）)
预估净收益: -0.13%/笔
AI分析: [概况] 溢价24.78%极高，风险严重。
[海外] 纳指微涨但费半大跌，难支撑溢价。
[关注] 建议减仓，紧盯溢价回落及费半走势。
----------------------------------------

============================================================
运行时间: 2026-08-20 14:33:22 | 模式: test
行情: price=2.793 chg=0.7575757575757703%
IOPV: 2.2359 溢价=24.92%
NAV: 2.2515 (2026-08-18) 溢价=24.05%
前日溢价: 20.72%
Δ溢价: 4.2%
信号: danger | 🔴 溢价暴涨风险 Δ溢价 +4.20%
AI: 已分析
成本: 0.13%/笔 (实际预估（免五+万1.5+0.1%滑点）)
预估净收益: -0.13%/笔
AI分析: [概况]溢价24.92%高位，风险极大，需警惕。  
[海外]海外科技股分化，费半大跌，高溢价缺乏支撑。  
[关注]建议减仓或观望，紧盯溢价收缩及英伟达走势。
----------------------------------------

============================================================
运行时间: 2026-08-20 14:35:58 | 模式: test
行情: price=1.828 chg=1.4428412874583807%
IOPV: 1.8052 溢价=1.26%
NAV: 1.8538 (2026-08-18) 溢价=-1.39%
前日溢价: -4.01%
Δ溢价: 5.27%
信号: strong_buy | 🟢 强烈买入！ Δ溢价 +5.27%
AI: 已分析
成本: 0.13%/笔 (实际预估（免五+万1.5+0.1%滑点）)
预估净收益: 0.35%/笔
AI分析: [置信度]
中

[相似度]
与历史相似日盈利走势一致，差异是当前Δ溢价更高且溢价为正

[海外]
海外主要指数普涨，韩国大涨5.8%，日经恒生走强，支撑偏多

[风险]
IOPV溢价1.26%且Δ溢价+5.27%，溢价快速扩大有回落收敛风险
----------------------------------------

============================================================
运行时间: 2026-08-20 14:43:56 | 模式: test
行情: price=1.828 chg=1.4428412874583807%
IOPV: 1.8051 溢价=1.27%
NAV: 1.8538 (2026-08-18) 溢价=-1.39%
前日溢价: -4.01%
Δ溢价: 5.28%
信号: strong_buy | 🟢 强烈买入！ Δ溢价 +5.28%
AI: 已分析
成本: 0.13%/笔 (实际预估（免五+万1.5+0.1%滑点）)
预估净收益: 0.35%/笔
AI分析: [置信度]
高

[相似度]
与2025-10-29等历史盈利日相似，Δ溢价相近但当前溢价略高。

[海外]
海外主要指数普涨，韩国暴涨5.92%，强力支撑信号。

[风险]
溢价快速扩大至1.27%，需防套利回撤。
----------------------------------------

============================================================
运行时间: 2026-08-20 14:48:15 | 模式: test
行情: price=1.829 chg=1.4983351831298508%
IOPV: 1.8049 溢价=1.34%
NAV: 1.8538 (2026-08-18) 溢价=-1.34%
前日溢价: -4.01%
Δ溢价: 5.35%
信号: strong_buy | 🟢 强烈买入！ Δ溢价 +5.35%
AI: 已分析
成本: 0.13%/笔 (实际预估（免五+万1.5+0.1%滑点）)
预估净收益: 0.35%/笔
AI分析: [置信度]
高

[相似度]
与历史盈利日相似，但Δ溢价5.35%更高，溢价转正。

[海外]
海外主要市场普涨，韩国大涨，支撑强劲。

[风险]
溢价扩大至1.34%，溢价回撤风险，胜率仅53%。
----------------------------------------

============================================================
运行时间: 2026-08-20 14:53:26 | 模式: test
行情: price=1.829 chg=1.4983351831298508%
IOPV: 1.8051 溢价=1.32%
NAV: 1.8538 (2026-08-18) 溢价=-1.34%
前日溢价: -4.01%
Δ溢价: 5.33%
信号: strong_buy | 🟢 强烈买入！ Δ溢价 +5.33%
AI: 已分析
成本: 0.13%/笔 (实际预估（免五+万1.5+0.1%滑点）)
预估净收益: 0.35%/笔
AI分析: [置信度]
高

[相似度]
与历史相似日高度相似，但当前Δ溢价更大且为正溢价，历史三期均小赚。

[海外]
海外普涨，韩国+5.89%领涨，日经恒生涨超1%，权重股多数上涨，支撑信号。

[风险]
IOPV溢价1.32%且Δ+5.33%偏高，需防溢价回落及追高风险。
----------------------------------------

============================================================
运行时间: 2026-08-20 14:56:27 | 模式: test
行情: price=1.83 chg=1.5538290788013331%
IOPV: 1.805 溢价=1.39%
NAV: 1.8538 (2026-08-18) 溢价=-1.28%
前日溢价: -4.01%
Δ溢价: 5.4%
信号: strong_buy | 🟢 强烈买入！ Δ溢价 +5.40%
AI: 已分析
成本: 0.13%/笔 (实际预估（免五+万1.5+0.1%滑点）)
预估净收益: 0.35%/笔
AI分析: [置信度]
中

[相似度]
与历史相似日高度相似，但当前溢价为正而历史多为负溢价

[海外]
海外普涨，韩国、日股强势，明显支撑当前信号

[风险]
溢价1.39%偏高，追高需防回落修正
----------------------------------------

============================================================
运行时间: 2026-08-20 15:01:19 | 模式: test
行情: price=1.83 chg=1.5538290788013331%
IOPV: 1.805 溢价=1.39%
NAV: 1.8538 (2026-08-18) 溢价=-1.28%
前日溢价: -4.01%
Δ溢价: 5.4%
信号: strong_buy | 🟢 强烈买入！ Δ溢价 +5.40%
AI: 已分析
成本: 0.13%/笔 (实际预估（免五+万1.5+0.1%滑点）)
预估净收益: 0.35%/笔
AI分析: 我们需要回答中文，严格四行格式。用户要求思考过程按步骤逐项核对，但最终输出必须按格式四行？ They say "请用中文回复，严格按格式输出四行（每行一个标签，不超过40字）" and also "推理要求：思考过程必须按以下步骤逐项核对..." We need maybe include reasoning? They want final likely only four lines? As assistant we should comply with format strictly. But also they asked thought process. We can include a concise reasoning? "严格按格式输出四行" likely only four lines. However "推理要求" says thinking过程必须... Maybe they expect analysis in response? conflict. We need decide. In similar tasks, they want final with four lines, but also "推理要求" may be internal? As assistant, cannot expose hidden CoT? We can provide brief reasoning? The instruction says "思考过程必须按以下步骤逐项核对" but also "严格按格式输出四行". We can satisfy by maybe outputting exactly four lines, with content substantiated. The "思考过程" is not visible but we can mention evidence in lines. Need not include step-by-step. We need produce four lines:

[置信度]
<高/中/低，一个词>

[相似度]
<1句话，与历史交易的相似度和差异>

[海外]
<1句话，海外市场是否支撑当前信号>

[风险]
<1句话，当前最大风险>

Need include one word for confidence. Let's analyze data.

Signal: price 1.83 +1.55%, IOPV premium 1.39%, Δpremium +5.40%, signal strong_buy, amplitude 0.7%, historical win rate for Δpremium >2%: 36 trades 19 wins 17 losses 53%, avg return +0.48%.

Overseas indices: Nikkei +1.36, ASX +0.33, KOSPI +5.89, Hang Seng +1.33, Taiwan +0.48. All positive. Very strong.

Weighted stocks: SK Hynix +12.73, Samsung +9.49, Toyota +4.25, BHP +3.20, Sony +2.39, Nintendo +2.38, Singtel +1.13, TSMC +1.06, AIA -0.07, CBA -2.66. 8 up, 2 down, big gains in semiconductors.

Similar historical trades:
- 2026-01-30: Δ2.2% premium -0.5% → 0.00% (similarity 100)
- 2023-01-09: Δ2.7% premium -1.1% → +0.10% (99)
- 2024-04-26: Δ1.8% premium -0.6% → +0.43% (99)

All similar days had Δ around 1.8-2.7%, but premium negative (-0.5 to -1.1). Current Δpremium +5.40% and current premium +1.39% positive. So difference: current Δpremium much larger (+5.4 vs <=2.7) and positive IOPV premium vs negative historical premiums. Historical similar days all had negative premium, suggesting buying at discount; now buying at premium. Also win rate 53% only slightly above coin flip; avg return small. However overseas and weights strong. Need risk: IOPV溢价1.39% and Δ溢价+5.40% means price is running ahead of NAV; reversions could cause loss even if overseas positive. Also maybe "IOPV溢价" positive +1.39%, Δpremium +5.40%? Need interpret: Δpremium is change in premium? If +5.40%, signal strong_buy? It might be "溢价差" as arbitrage signal. Current IOPV premium 1.39%, maybe moderate not extreme? Historical similar days premium negative. That's a divergence. The confidence: high? Let's map criteria:

高: 海外普涨+权重股多数涨+历史相似日多数盈利+溢价非极端
- Overseas all up: yes.
- Most weights up: yes (8/10).
- Historical similar days majority profitable: 2/3 profitable? Three similar days: +0.00 (break-even, not loss), +0.10, +0.43. If win? "盈利" yes? Day 1 0.00 not "赚0.00%" maybe not profit? But not loss. Majority of three? 2 profit + 1 zero. Win rate in Δ>2% historical is 53%, not high. But condition 相似日多数盈利? "most similar historical days" with 3 similar: one 0.00, two positive. Could count as positive or neutral. "溢价非极端": current IOPV premium 1.39% and Δpremium +5.40%? Is +5.40 extreme? The historical win rate for Δ>2% only 53% suggests signal not reliable. "溢价极端" maybe 1.39% premium not extreme but positive. However Δpremium +5.40 is high vs historical similar days Δ<=2.7. Need decide confidence. The criteria says high requires all conditions. Does "溢价非极端" satisfied? Positive premium 1.39% is not extreme? For QDII ETF, 1.39% premium is moderate. Δpremium +5.40% could be large. "signal strength strong_buy" maybe high. But historical win rate 53% weak. Thus maybe "中" because contradiction: strong overseas/weights vs high premium/large Δpremium and mediocre historical win rate. The user's confidence standard: high if "溢价非极端"; middle if "部分条件满足，有正面也有负面信号"; low if "海外偏弱+权重股多数跌+历史相似日亏损+溢价极端". Here not low. There is positive and negative: negative is high Δpremium and positive premium, historical win rate only 53. So "中" maybe appropriate. Need output [置信度] 中. But let's be careful: They might expect "高" because all data positive and signal strong_buy, historical similar all profitable. However historical win rate 53% not "多数盈利"? 53% is marginal. The "most similar historical transactions" are all positive/zero. The IOPV premium 1.39% maybe not "extreme" (many QDII premiums >5%). Δpremium +5.40% is extreme? Need define "溢价极端" in context: "Δ溢价超2%" historical 36 trades; current Δ +5.40, much higher than threshold. That could be extreme. But "溢价" itself 1.39% not extreme. The condition "溢价非极端" maybe means IOPV premium not extreme, not Δ. Need read: "高: 海外普涨+权重股多数涨+历史相似日多数盈利+溢价非极端". So if current premium 1.39%, not extreme. It is positive but moderate. Then high? But "历史相似日多数盈利" yes (2 profit + 1 zero). "权重股多数涨" yes (8/10). "海外普涨" yes. Thus high according to standard. But "历史胜率" 53% not "多数盈利" in overall sample; however "最相似历史交易" all profitable/breakeven. Need maybe high? Let's examine "Δ溢价: +5.40%" could be a strong buy signal. In their framework, Δpremium >2% with historical win rate 53%, average +0.48. That is not high but okay. Current signal strong_buy. The risk line could mention premium 1.39 and Δpremium +5.4 "可能透支" — that's a negative. But confidence can be high despite risk? The confidence standard high says "溢价非极端"; current premium 1.39 non-extreme, but Δpremium +5.4 maybe not "溢价" exactly. Need perhaps "中" because "历史胜率仅53%，且现溢价为正而相似日溢价为负" is a negative. Let's reason in final maybe [置信度] 中. But if final one word only? They want [置信度] <高/中/低> one word. Could just "中". Then other lines.

Need ensure each line <=40 Chinese characters. Four lines with labels? "严格按格式输出四行（每行一个标签，不超过40字）" Means each line includes label and content? likely yes. Let's craft:

[置信度]
中

[相似度]
最相似三日Δ溢价1.8%-2.7%且溢价为负，今日+5.4%且溢价+1.39%，幅度更大

Need count? 40 Chinese chars. "最相似三日Δ溢价1.8%-2.7%且溢价为负，今日+5.4%且溢价+1.39%，幅度更大" length ~36? Let's count: 最1 相2 似3 三4 日5 Δ6 溢7 价8 1.8%-2.7% (numbers not Chinese) 且10 溢11 价12 为13 负14 今15 日16 +5.4% etc. Fine.

[海外]
海外指数普涨，韩股+5.89%领涨，权重半导体股大涨，支撑强

Actually "韩国KOSPI +5.89" and SK Hynix +12.73, Samsung +9.49. Need one sentence. Maybe "海外普涨且韩股/半导体权重领涨，信号获外围支撑" <=40.

[风险]
IOPV溢价1.39%、Δ溢价+5.4%，追高可能面临溢价回落风险

Need mention "历史胜率仅53%" maybe? The risk can be "溢价偏高+历史胜率仅53%" etc. Need one sentence.

Let's think if confidence should be "高" or "中". Need decide robustly. Let's apply criteria in detail.

① Data:
Overseas indices: all positive:
- Nikkei +1.36
- ASX +0.33
- KOSPI +5.89
- HSI +1.33
- Taiwan +0.48
Weighted stocks:
- SK Hynix +12.73 (positive, huge)
- Samsung +9.49 (positive)
- Toyota +4.25
- BHP +3.20
- Sony +2.39
- Nintendo +2.38
- Singtel +1.13
- TSMC +1.06
- AIA -0.07 (slightly negative)
- CBA -2.66 (negative)
Thus 8/10 positive, many strong. Good.

② Condition:
Overseas broad up: satisfied.
Weights majority up: satisfied.
Historical similar days majority profitable: The three most similar days: 0.00, +0.10, +0.43. "盈利" 2/3; one break-even. Overall Δ>2% historical 19/36 = 52.8% positive, average +0.48%. If "majority" in similar day sample? yes, but barely. Historical win rate not strong. So partial satisfied.
Premium non-extreme: current IOPV premium 1.39% (positive but not extreme). Δpremium is +5.4% which is high relative to similar days. Is "premium extreme" maybe "IOPV溢价" 1.39% non-extreme. So satisfied. But "Δ溢价" not "premium" maybe an additional risk. Thus all conditions for high are technically satisfied? Need consider "历史相似日多数盈利" — three similar days all have negative premium, current positive premium, so "差异" not necessarily failure. If "历史相似日多数盈利" yes. But "historical win rate 53%" = not high. The "置信度判定标准" includes "历史相似日多数盈利"; not "historical win rate". So high? But "中" if "部分条件满足，有正面也有负面信号". There is a negative: "Δ溢价+5.40%" is extreme? It literally says "Δ溢价超2%" historical win rate 53%, so current Δ is more than double threshold. Does that count as "溢价极端"? They didn't specify threshold for "premium extreme", but "Δ溢价超2%" with 53% win rate is not robust. The "most similar historical transactions" all had Δ 1.8-2.7 and premium negative, so "current Δ+5.4 positive premium" is a significant difference. I'd lean "中" because the signal is strong but one key risk (premium) creates uncertainty. However the user asks "基于以下数据对买入信号做简短分析"; if we output "中" and risk, it's prudent. Need perhaps not be overly aggressive.

Let's parse "IOPV溢价: 1.39%" vs "Δ溢价: +5.40%". In ETF arbitrage, "IOPV溢价" is the difference between market price and IOPV. "Δ溢价" maybe the change in premium? Or "溢价率变化" from previous close? If Δpremium +5.4%, current premium +1.39% would imply previous premium -4.01%? Wait if price changed +1.55%, NAV maybe fell? Actually Δpremium +5.40% could be "premium change" in percentage points? If current IOPV premium is 1.39%, and Δpremium +5.40% perhaps means "premium rate changed by +5.40 percentage points" relative to yesterday? That would be huge but could happen if ETF was at -4.01% premium yesterday and now +1.39%. Is that plausible? Maybe yes due to strong overseas overnight? But current price +1.55%, NAV maybe down? Let's compute: Δpremium +5.40% doesn't necessarily mean current premium high; it's change. The "IOPV溢价" 1.39% is actual premium, not extreme. The model likely uses Δpremium to generate signals; positive Δpremium >2% indicates price moving above IOPV, causing strong_buy? Actually if premium increased, that means ETF price rising faster than NAV; signal may be momentum. Historical win rate 53%, average +0.48. The best signals maybe when Δ premium >2 and current premium negative? Let's look at similar days:
- 2026-01-30: Δ2.2% 溢价-0.5% → 0.00
- 2023-01-09: Δ2.7% 溢价-1.1% → +0.10
- 2024-04-26: Δ1.8% 溢价-0.6% → +0.43
They all had Δ positive but current premium negative. This suggests when premium is negative but increasing, buying at discount gives positive returns. Current premium +1.39%, not negative. That is a negative divergence: you're buying at a premium, less margin. So "high" maybe unjustified. The confidence standard "溢价非极端" only says not extreme; positive premium 1.39% is not extreme but still not as favorable. In "similarity" line, mention difference. In "risk", premium reversion.

Need perhaps mention "历史相似日多数盈利" in confidence? If confidence "中", we need explain "证据冲突" maybe not enough space. The four-line format doesn't allow long reasoning. But the user asked "推理要求" and "最终判定: 若证据互相冲突，说明取舍理由". In output, we can include "中" only, no explanation. But maybe they expect a reasoning section before the four lines? Let's re-read: "请用中文回复，严格按格式输出四行（每行一个标签，不超过40字）" This is explicit: final should be exactly four lines. The "推理要求" is likely instruction for the model to reason internally, not output. We should not include extra reasoning. But maybe "思考过程必须按以下步骤逐项核对" means they want the assistant to "think" but not necessarily reveal. We can't show hidden chain-of-thought. We can provide concise rationale within the four lines: [相似度], [海外], [风险] are reasoning snippets. That should suffice.

Need ensure no extra text. Four lines:
[置信度]
中
[相似度]
最相似三日Δ溢价1.8%-2.7%且溢价为负；今日Δ+5.4%、溢价+1.39%，幅度/状态不同
[海外]
韩国、日股等海外普涨，半导体权重股大涨，外围支撑较强
[风险]
IOPV溢价1.39%且Δ溢价+5.4%，历史胜率仅53%，存在溢价回落/回撤风险

Need check length. Each line maybe under 40 characters? Label not counted? The content:
"最相似三日Δ溢价1.8%-2.7%且溢价为负；今日Δ+5.4%、溢价+1.39%，幅度/状态不同" Let's count Chinese + alphanumeric. It might be >40? Let's count roughly:
最相似三日Δ溢价1.8%-2.7%且溢价为负；今日Δ+5.4%、溢价+1.39%，幅度/状态不同
Chinese chars: 最相似三日(5) 溢价(2) 且(1) 溢价为负(4) 今日(2) 溢价(2) 幅度状态不同(6) = 22? Plus punctuation ~7, numbers/letters ~? Δ, 1.8%-2.7%, +5.4%, +1.39% ~? Total maybe 45. Need keep <=40. We can shorten.

Line [相似度] "最相似三日溢价均为负；今日溢价+1.39%且Δ+5.4%，差异在由折价转溢价" Count maybe okay. But "Δ+5.4" less. Let's craft concise.

Need maybe include "历史相似日多数盈利" in [相似度]? The requirement says "与历史交易的相似度和差异" one sentence. We can say "相似：历史三日Δ约1.8%-2.7%且全部盈利/持平；差异：今日Δ+5.4%且溢价+1.39%" This is 1 sentence with semicolon. Count maybe 40? Let's count:
相似：历史三日Δ约1.8%-2.7%且全部盈利/持平；差异：今日Δ+5.4%且溢价+1.39%
Chinese: 相似历史三日约且全部盈利持平差异今日且溢价 =? Let's approximate 30 + numbers. Fine.

[海外] "海外指数普涨，KOSPI+5.89%领涨，SK海力士/三星等半导体权重股大涨，支撑强" Count maybe 35? We can keep.

[风险] "IOPV溢价1
----------------------------------------

============================================================
运行时间: 2026-08-20 15:03:36 | 模式: test
行情: price=1.83 chg=1.5538290788013331%
IOPV: 1.805 溢价=1.39%
NAV: 1.8538 (2026-08-18) 溢价=-1.28%
前日溢价: -4.01%
Δ溢价: 5.4%
信号: strong_buy | 🟢 强烈买入！ Δ溢价 +5.40%
AI: 已分析
成本: 0.13%/笔 (实际预估（免五+万1.5+0.1%滑点）)
预估净收益: 0.35%/笔
AI分析: [置信度] 中
[相似度] 最相似三日均未亏（收益近零）；但本次Δ溢价5.4%且溢价1.39%，明显更热。
[海外] 海外普涨且权重股多数上涨，KOSPI与半导体领涨，支撑信号。
[风险] 正溢价1.39%且Δ溢价5.4%偏极端，若溢价收敛易高开低走。
----------------------------------------

============================================================
运行时间: 2026-08-20 15:05:46 | 模式: test
行情: price=1.83 chg=1.5538290788013331%
IOPV: 1.805 溢价=1.39%
NAV: 1.8538 (2026-08-18) 溢价=-1.28%
前日溢价: -4.01%
Δ溢价: 5.4%
信号: strong_buy | 🟢 强烈买入！ Δ溢价 +5.40%
AI: 未触发/未启用
成本: 0.13%/笔 (实际预估（免五+万1.5+0.1%滑点）)
预估净收益: 0.35%/笔
----------------------------------------

============================================================
运行时间: 2026-08-20 15:09:02 | 模式: test
行情: price=1.83 chg=1.5538290788013331%
IOPV: 1.805 溢价=1.39%
NAV: 1.8538 (2026-08-18) 溢价=-1.28%
前日溢价: -4.01%
Δ溢价: 5.4%
信号: strong_buy | 🟢 强烈买入！ Δ溢价 +5.40%
AI: 已分析
成本: 0.13%/笔 (实际预估（免五+万1.5+0.1%滑点）)
预估净收益: 0.35%/笔
AI分析: [置信度]
中

[相似度]
历史上Δ溢价约2%且溢价为负，本次Δ5.4%且溢价+1.39%，结构差异较大。

[海外]
海外指数普涨，韩股及半导体权重股大涨，对当前信号形成支撑。

[风险]
IOPV溢价1.39%且Δ溢价5.4%偏高，溢价若快速回落易引发高开低走。
----------------------------------------
